[2026-05-01 16:14:50,960: INFO: main: Wlecome to ML Batch-P logs]
[2026-05-01 16:16:18,805: INFO: main: Wlecome to ML Batch-P logs]
[2026-05-07 00:43:56,064: INFO: common: YAML file config\config.yaml loaded successfully]
[2026-05-07 00:43:56,110: INFO: common: YAML file params.yaml loaded successfully]
[2026-05-07 00:43:56,117: INFO: common: created directory at: artifacts]
[2026-05-07 00:43:56,121: INFO: common: created directory at: artifacts/data_ingestion]
[2026-05-07 00:44:03,486: INFO: 4037744573: artifacts/data_ingestion/data.zip download! with following info: 
Connection: close
Content-Length: 11616915
Cache-Control: max-age=300
Content-Security-Policy: default-src 'none'; style-src 'unsafe-inline'; sandbox
Content-Type: application/zip
ETag: "adf745abc03891fe493c3be264ec012691fe3fa21d861f35a27edbe6d86a76b1"
Strict-Transport-Security: max-age=31536000
X-Content-Type-Options: nosniff
X-Frame-Options: deny
X-XSS-Protection: 1; mode=block
X-GitHub-Request-Id: CA00:F3BA1:1AF519:206AC2:69FB92F0
Accept-Ranges: bytes
Date: Wed, 06 May 2026 19:14:01 GMT
Via: 1.1 varnish
X-Served-By: cache-del-vibw2260032-DEL
X-Cache: MISS
X-Cache-Hits: 0
X-Timer: S1778094837.373363,VS0,VE3715
Vary: Authorization,Accept-Encoding
Access-Control-Allow-Origin: *
Cross-Origin-Resource-Policy: cross-origin
X-Fastly-Request-ID: 8c1bbea600851aeeed70c5651089ff89af62314e
Expires: Wed, 06 May 2026 19:19:01 GMT
Source-Age: 3

]
